// Jest Snapshot v1, https://goo.gl/fbAQLP

exports[`<Meta /> should render without crashing 1`] = `
<Fragment>
  <SideEffect(Head)>
    <meta
      content="width=device-width, initial-scale=1"
      name="viewport"
    />
    <meta
      charSet="utf-8"
    />
    <link
      href="/static/icons.png"
      rel="shortcut icon"
    />
    <link
      href="/static/nprogress.css"
      rel="stylesheet"
      type="text/css"
    />
    <meta
      content="metaGoogleSiteVerification"
      name="google-site-verification"
    />
    <title>
      metaTitle
    </title>
    <meta
      content="metaDescription"
      name="description"
    />
    <link
      href="/static/icons/apple-touch-icon.png"
      rel="apple-touch-icon"
      sizes="180x180"
    />
    <link
      href="/static/icons/icons-32x32.png"
      rel="icon"
      sizes="32x32"
      type="image/png"
    />
    <link
      href="/static/icons/icons-16x16.png"
      rel="icon"
      sizes="16x16"
      type="image/png"
    />
    <link
      href="/static/icons/site.webmanifest"
      rel="manifest"
    />
    <link
      color="#ed7d3a"
      href="/static/icons/safari-pinned-tab.svg"
      rel="mask-icon"
    />
    <link
      href="/static/icons/icons.ico"
      rel="shortcut icon"
    />
    <meta
      content="#2d89ef"
      name="msapplication-TileColor"
    />
    <meta
      content="/static/icons/browserconfig.xml"
      name="msapplication-config"
    />
    <meta
      content="#ffffff"
      name="theme-color"
    />
  </SideEffect(Head)>
  <GlobalStyleComponent />
</Fragment>
`;
