// Jest Snapshot v1, https://goo.gl/fbAQLP

exports[`<Page /> should render without crashing 1`] = `
<Fragment>
  <Meta />
  <App>
    Child
  </App>
</Fragment>
`;
