// Jest Snapshot v1, https://goo.gl/fbAQLP

exports[`<MyDocument /> should render without crashing 1`] = `
<html
  lang="nl"
>
  <Head />
  <body>
    <Main />
    <NextScript />
  </body>
</html>
`;
